
Copyright (C) 1994-2018 Synopsys, Inc.
This Synopsys software and all associated documentation are proprietary to Synopsys, Inc.
and may only be used pursuant to the terms and conditions of a written license agreement
with Synopsys, Inc. All other use, reproduction, modification, or distribution of the
Synopsys software or the associated documentation is strictly prohibited.
Tool: Synplify Pro (R)
Build: N-2018.03L-SP1-1
Install: C:\lscc\diamond\3.11_x64\synpbase
OS: Windows 6.2

Hostname: DESKTOP-93B4SA6

Implementation : impl1
Synopsys HDL compiler and linker, Version comp2018q2p1, Build 461R, Built Apr  1 2019 09:17:43

Modified Files: 1
FID:  path (prevtimestamp, timestamp)
19       C:\Users\mohammad\Documents\FPGA\Bluetooth\top.sv (2020-09-04 14:20:20, 2020-09-04 14:25:40)

*******************************************************************
Modules that may have changed as a result of file changes: 3
MID:  lib.cell.view
12       work.UART_TX.verilog may have changed because the following files changed:
                        C:\Users\mohammad\Documents\FPGA\Bluetooth\top.sv (2020-09-04 14:20:20, 2020-09-04 14:25:40) <-- (may instantiate this module)
13       work.cmd_send.verilog may have changed because the following files changed:
                        C:\Users\mohammad\Documents\FPGA\Bluetooth\top.sv (2020-09-04 14:20:20, 2020-09-04 14:25:40) <-- (may instantiate this module)
5        work.top.verilog may have changed because the following files changed:
                        C:\Users\mohammad\Documents\FPGA\Bluetooth\top.sv (2020-09-04 14:20:20, 2020-09-04 14:25:40) <-- (module definition)

*******************************************************************
Unmodified files: 11
FID:  path (timestamp)
17       C:\Users\mohammad\Documents\FPGA\Bluetooth\BaudClockGenerator.v (2020-06-23 13:17:20)
18       C:\Users\mohammad\Documents\FPGA\Bluetooth\PDE.sv (2020-06-24 12:29:42)
23       C:\Users\mohammad\Documents\FPGA\Bluetooth\cmd.v (2020-09-03 22:12:48)
20       C:\Users\mohammad\Documents\FPGA\Bluetooth\uart_rx.v (2020-09-03 13:29:07)
21       C:\Users\mohammad\Documents\FPGA\Bluetooth\uart_tx.v (2020-09-03 13:29:11)
2        C:\lscc\diamond\3.11_x64\synpbase\lib\lucent\ecp5um5g.v (2019-04-01 09:08:08)
3        C:\lscc\diamond\3.11_x64\synpbase\lib\lucent\pmi_def.v (2019-04-01 09:08:08)
4        C:\lscc\diamond\3.11_x64\synpbase\lib\vlog\hypermods.v (2019-04-01 09:07:44)
5        C:\lscc\diamond\3.11_x64\synpbase\lib\vlog\scemi_objects.v (2019-04-01 09:07:44)
6        C:\lscc\diamond\3.11_x64\synpbase\lib\vlog\scemi_pipes.svh (2019-04-01 09:07:44)
7        C:\lscc\diamond\3.11_x64\synpbase\lib\vlog\umr_capim.v (2019-04-01 09:07:44)

*******************************************************************
Unchanged modules: 5
MID:  lib.cell.view
6        work.BaudClockGenerator.verilog
2        work.RK4.verilog
11       work.UART_RX.verilog
0        work.f1.verilog
3        work.f2.verilog
